###############################################################################
#
# IAR ELF Linker V2.20.1.176 for STM8                     16/Oct/2017  23:21:27
# Copyright 2010-2015 IAR Systems AB.
#
#    Output file  =  G:\MiniLedScreen\Debug\Exe\MiniLedScreen.out
#    Map file     =  G:\MiniLedScreen\Debug\List\MiniLedScreen.map
#    Command line =  
#        G:\MiniLedScreen\Debug\Obj\1527.o
#        G:\MiniLedScreen\Debug\Obj\LedScreen.o
#        G:\MiniLedScreen\Debug\Obj\main.o G:\MiniLedScreen\Debug\Obj\Misc.o
#        G:\MiniLedScreen\Debug\Obj\Picture.o
#        G:\MiniLedScreen\Debug\Obj\stm8l15x_adc.o
#        G:\MiniLedScreen\Debug\Obj\stm8l15x_clk.o
#        G:\MiniLedScreen\Debug\Obj\stm8l15x_exti.o
#        G:\MiniLedScreen\Debug\Obj\stm8l15x_flash.o
#        G:\MiniLedScreen\Debug\Obj\stm8l15x_gpio.o
#        G:\MiniLedScreen\Debug\Obj\stm8l15x_it.o
#        G:\MiniLedScreen\Debug\Obj\stm8l15x_itc.o
#        G:\MiniLedScreen\Debug\Obj\stm8l15x_pwr.o
#        G:\MiniLedScreen\Debug\Obj\stm8l15x_spi.o
#        G:\MiniLedScreen\Debug\Obj\stm8l15x_syscfg.o
#        G:\MiniLedScreen\Debug\Obj\stm8l15x_tim2.o
#        G:\MiniLedScreen\Debug\Obj\stm8l15x_tim3.o
#        G:\MiniLedScreen\Debug\Obj\stm8l15x_tim4.o --redirect
#        _Printf=_PrintfFullNoMb --redirect _Scanf=_ScanfFullNoMb -o
#        G:\MiniLedScreen\Debug\Exe\MiniLedScreen.out --map
#        G:\MiniLedScreen\Debug\List\MiniLedScreen.map --config "D:\Program
#        Files\IAR Systems\Embedded Workbench
#        7.3\stm8\config\lnkstm8l051f3.icf" --config_def _CSTACK_SIZE=0x100
#        --config_def _HEAP_SIZE=0x100 --entry __iar_program_start --debug_lib
#
###############################################################################

*******************************************************************************
*** RUNTIME MODEL ATTRIBUTES
***

__SystemLibrary            = DLib
__code_model               = small
__core                     = stm8
__data_model               = medium
__dlib_file_descriptor     = 0
__dlib_full_locale_support = 0
__rt_version               = 4


*******************************************************************************
*** PLACEMENT SUMMARY
***

"A1":  place at start of [0x000000-0x0000ff] { rw section .vregs };
"A2":  place at end of [0x000000-0x0003ff] { block CSTACK };
"P2":  place in [from 0x000000 to 0x0003ff] {
          block HEAP, rw section __DLIB_PERTHREAD, rw section .far.bss,
          rw section .far.data, rw section .far.noinit,
          rw section .far_func.textrw, rw section .huge.bss,
          rw section .huge.data, rw section .huge.noinit,
          rw section .huge_func.textrw, rw section .iar.dynexit,
          rw section .near.bss, rw section .near.data, rw section .near.noinit,
          rw section .near_func.textrw };
"A3":  place at start of [0x008000-0x009fff] { block INTVEC };
"P3":  place in [from 0x008000 to 0x009fff] {
          ro section __DLIB_PERTHREAD_init, ro section .far.data_init,
          ro section .far_func.textrw_init, ro section .huge.data_init,
          ro section .huge_func.textrw_init, ro section .iar.init_table,
          ro section .init_array, ro section .near.data_init,
          ro section .near.rodata, ro section .near_func.text,
          ro section .near_func.textrw_init, ro section .tiny.data_init,
          ro section .tiny.rodata_init };

  Section            Kind      Address    Size  Object
  -------            ----      -------    ----  ------
"A1":                                     0x10
  .vregs             uninit   0x000000    0x10  vregs.o [4]
                            - 0x000010    0x10

"P2", part 1 of 2:                         0x3
  P2-1                        0x000010     0x3  <Init block>
    .near.data       inited   0x000010     0x1  LedScreen.o [1]
    .near.data       inited   0x000011     0x2  LedScreen.o [1]
                            - 0x000013     0x3

"P2", part 2 of 2:                        0x54
  .near.bss          zero     0x000013    0x48  LedScreen.o [1]
  .near.bss          zero     0x00005b     0x3  1527.o [1]
  .near.bss          zero     0x00005e     0x3  1527.o [1]
  .near.bss          zero     0x000061     0x1  1527.o [1]
  .near.bss          zero     0x000062     0x1  1527.o [1]
  .near.bss          zero     0x000063     0x1  LedScreen.o [1]
  .near.bss          zero     0x000064     0x1  LedScreen.o [1]
  .near.bss          zero     0x000065     0x1  Misc.o [1]
  .near.bss          zero     0x000066     0x1  Misc.o [1]
                            - 0x000067    0x54

"A2":                                    0x100
  CSTACK                      0x000300   0x100  <Block>
    CSTACK           uninit   0x000300   0x100  <Block tail>
                            - 0x000400   0x100

"A3":                                     0x80
  INTVEC                      0x008000    0x80  <Block>
    .intvec          const    0x008000    0x80  interrupt.o [4]
                            - 0x008080    0x80

"P3":                                   0x15a3
  .near.rodata       const    0x008080   0x1f0  Picture.o [1]
  .near_func.text    ro code  0x008270   0x1c2  LedScreen.o [1]
  .near_func.text    ro code  0x008432   0x11c  LedScreen.o [1]
  .near_func.text    ro code  0x00854e   0x10d  stm8l15x_exti.o [1]
  .near_func.text    ro code  0x00865b    0xe2  LedScreen.o [1]
  .near_func.text    ro code  0x00873d    0xd7  LedScreen.o [1]
  .near_func.text    ro code  0x008814    0xbf  LedScreen.o [1]
  .near_func.text    ro code  0x0088d3    0xbb  main.o [1]
  .near_func.text    ro code  0x00898e    0xb5  LedScreen.o [1]
  .near_func.text    ro code  0x008a43    0xb1  vreg_util.o [4]
  .near_func.text    ro code  0x008af4    0xaf  stm8l15x_gpio.o [1]
  .near_func.text    ro code  0x008ba3    0x91  main.o [1]
  .near_func.text    ro code  0x008c34    0x8e  1527.o [1]
  .near_func.text    ro code  0x008cc2    0x89  stm8l15x_clk.o [1]
  .near_func.text    ro code  0x008d4b    0x84  LedScreen.o [1]
  .near_func.text    ro code  0x008dcf    0x6b  1527.o [1]
  .near_func.text    ro code  0x008e3a    0x65  stm8l15x_tim2.o [1]
  .near_func.text    ro code  0x008e9f    0x65  stm8l15x_tim3.o [1]
  .near_func.text    ro code  0x008f04    0x5a  LedScreen.o [1]
  .near_func.text    ro code  0x008f5e    0x57  stm8l15x_tim2.o [1]
  .near_func.text    ro code  0x008fb5    0x54  stm8l15x_spi.o [1]
  .near_func.text    ro code  0x009009    0x4b  1527.o [1]
  .near_func.text    ro code  0x009054    0x4b  1527.o [1]
  .near.rodata       const    0x00909f    0x48  Picture.o [1]
  .near.rodata       const    0x0090e7    0x48  Picture.o [1]
  .near.rodata       const    0x00912f    0x48  Picture.o [1]
  .near.rodata       const    0x009177    0x48  Picture.o [1]
  .near_func.text    ro code  0x0091bf    0x3c  LedScreen.o [1]
  .near_func.text    ro code  0x0091fb    0x35  short.o [4]
  .near_func.text    ro code  0x009230    0x31  Misc.o [1]
  .near_func.text    ro code  0x009261    0x28  init_small.o [4]
  .near_func.text    ro code  0x009289    0x25  stm8l15x_spi.o [1]
  .near_func.text    ro code  0x0092ae    0x25  stm8l15x_tim3.o [1]
  .near_func.text    ro code  0x0092d3    0x24  stm8l15x_tim2.o [1]
  .near_func.text    ro code  0x0092f7    0x24  stm8l15x_tim3.o [1]
  .near_func.text    ro code  0x00931b    0x21  stm8l15x_exti.o [1]
  .near_func.text    ro code  0x00933c    0x21  stm8l15x_exti.o [1]
  .near_func.text    ro code  0x00935d    0x21  stm8l15x_tim3.o [1]
  .near_func.text    ro code  0x00937e    0x21  stm8l15x_tim4.o [1]
  .iar.init_table    const    0x00939f    0x12  - Linker created -
  .near_func.text    ro code  0x0093b1    0x1e  stm8l15x_it.o [1]
  .near_func.text    ro code  0x0093cf    0x1e  init_small.o [4]
  .near_func.text    ro code  0x0093ed    0x1c  stm8l15x_it.o [1]
  .near_func.text    ro code  0x009409    0x1b  1527.o [1]
  .near_func.text    ro code  0x009424    0x19  Misc.o [1]
  .near.rodata       const    0x00943d    0x18  LedScreen.o [1]
  .near_func.text    ro code  0x009455    0x18  Misc.o [1]
  .near_func.text    ro code  0x00946d    0x17  memset.o [4]
  .near_func.text    ro code  0x009484    0x17  init.o [4]
  .near_func.text    ro code  0x00949b    0x16  1527.o [1]
  .near_func.text    ro code  0x0094b1    0x14  __dbg_xxexit.o [3]
  .near_func.text    ro code  0x0094c5    0x13  stm8l15x_tim4.o [1]
  .near_func.text    ro code  0x0094d8    0x13  cstartup.o [4]
  .near_func.text    ro code  0x0094eb    0x12  stm8l15x_gpio.o [1]
  .near_func.text    ro code  0x0094fd    0x11  stm8l15x_tim4.o [1]
  .near_func.text    ro code  0x00950e    0x10  Misc.o [1]
  .near_func.text    ro code  0x00951e    0x10  stm8l15x_flash.o [1]
  .near_func.text    ro code  0x00952e     0xd  LedScreen.o [1]
  .near_func.text    ro code  0x00953b     0xd  stm8l15x_spi.o [1]
  .near_func.text    ro code  0x009548     0xd  stm8l15x_tim2.o [1]
  .near_func.text    ro code  0x009555     0xd  stm8l15x_tim2.o [1]
  .near_func.text    ro code  0x009562     0xd  stm8l15x_tim2.o [1]
  .near_func.text    ro code  0x00956f     0xd  stm8l15x_tim3.o [1]
  .near_func.text    ro code  0x00957c     0xd  stm8l15x_tim3.o [1]
  .near_func.text    ro code  0x009589     0xd  stm8l15x_tim4.o [1]
  .near_func.text    ro code  0x009596     0xd  stm8l15x_tim4.o [1]
  .near_func.text    ro code  0x0095a3     0xc  1527.o [1]
  .near_func.text    ro code  0x0095af     0xb  stm8l15x_tim3.o [1]
  .near_func.text    ro code  0x0095ba     0xa  char.o [4]
  .near.rodata       const    0x0095c4     0x9  LedScreen.o [1]
  .near_func.text    ro code  0x0095cd     0x9  stm8l15x_tim3.o [1]
  .near.rodata       const    0x0095d6     0x8  LedScreen.o [1]
  .near_func.text    ro code  0x0095de     0x5  stm8l15x_tim4.o [1]
  .near_func.text    ro code  0x0095e3     0x5  cexit.o [4]
  .near_func.text    ro code  0x0095e8     0x4  1527.o [1]
  .near_func.text    ro code  0x0095ec     0x4  1527.o [1]
  .near_func.text    ro code  0x0095f0     0x4  stm8l15x_flash.o [1]
  .near_func.text    ro code  0x0095f4     0x3  Misc.o [1]
  .near_func.text    ro code  0x0095f7     0x3  interrupt.o [4]
  .near_func.text    ro code  0x0095fa     0x3  low_level_init.o [4]
  .near_func.text    ro code  0x0095fd     0x3  exit.o [4]
  .near_func.text    ro code  0x009600     0x3  unhandled_exception.o [4]
  Initializer bytes  const    0x009603     0x3  <for P2-1>
  .near_func.text    ro code  0x009606     0x1  stm8l15x_it.o [1]
  .near_func.text    ro code  0x009607     0x1  stm8l15x_it.o [1]
  .near_func.text    ro code  0x009608     0x1  stm8l15x_it.o [1]
  .near_func.text    ro code  0x009609     0x1  stm8l15x_it.o [1]
  .near_func.text    ro code  0x00960a     0x1  stm8l15x_it.o [1]
  .near_func.text    ro code  0x00960b     0x1  stm8l15x_it.o [1]
  .near_func.text    ro code  0x00960c     0x1  stm8l15x_it.o [1]
  .near_func.text    ro code  0x00960d     0x1  stm8l15x_it.o [1]
  .near_func.text    ro code  0x00960e     0x1  stm8l15x_it.o [1]
  .near_func.text    ro code  0x00960f     0x1  stm8l15x_it.o [1]
  .near_func.text    ro code  0x009610     0x1  stm8l15x_it.o [1]
  .near_func.text    ro code  0x009611     0x1  stm8l15x_it.o [1]
  .near_func.text    ro code  0x009612     0x1  stm8l15x_it.o [1]
  .near_func.text    ro code  0x009613     0x1  stm8l15x_it.o [1]
  .near_func.text    ro code  0x009614     0x1  stm8l15x_it.o [1]
  .near_func.text    ro code  0x009615     0x1  stm8l15x_it.o [1]
  .near_func.text    ro code  0x009616     0x1  stm8l15x_it.o [1]
  .near_func.text    ro code  0x009617     0x1  stm8l15x_it.o [1]
  .near_func.text    ro code  0x009618     0x1  stm8l15x_it.o [1]
  .near_func.text    ro code  0x009619     0x1  stm8l15x_it.o [1]
  .near_func.text    ro code  0x00961a     0x1  stm8l15x_it.o [1]
  .near_func.text    ro code  0x00961b     0x1  stm8l15x_it.o [1]
  .near_func.text    ro code  0x00961c     0x1  stm8l15x_it.o [1]
  .near_func.text    ro code  0x00961d     0x1  stm8l15x_it.o [1]
  .near_func.text    ro code  0x00961e     0x1  stm8l15x_it.o [1]
  .near_func.text    ro code  0x00961f     0x1  stm8l15x_it.o [1]
  .near_func.text    ro code  0x009620     0x1  stm8l15x_it.o [1]
  .near_func.text    ro code  0x009621     0x1  stm8l15x_it.o [1]
  .near_func.text    ro code  0x009622     0x1  __dbg_break.o [3]
                            - 0x009623  0x15a3


*******************************************************************************
*** INIT TABLE
***

          Address   Size
          -------   ----
Zero (__iar_zero_init2)
    1 destination range, total size 0x54:
          0x000013  0x54

Copy (__iar_copy_init2)
    1 source range, total size 0x3:
          0x009603   0x3
    1 destination range, total size 0x3:
          0x000010   0x3



*******************************************************************************
*** MODULE SUMMARY
***

    Module                 ro code  ro data  rw data
    ------                 -------  -------  -------
G:\MiniLedScreen\Debug\Obj: [1]
    1527.o                     468                 8
    LedScreen.o              1 842       44       77
    Misc.o                     117                 2
    Picture.o                           784
    main.o                     332
    stm8l15x_clk.o             137
    stm8l15x_exti.o            335
    stm8l15x_flash.o            20
    stm8l15x_gpio.o            193
    stm8l15x_it.o               86
    stm8l15x_spi.o             134
    stm8l15x_tim2.o            263
    stm8l15x_tim3.o            253
    stm8l15x_tim4.o            100
    ------------------------------------------------
    Total:                   4 280      828       87

command line: [2]
    ------------------------------------------------
    Total:

dbgstm8smd.a: [3]
    __dbg_break.o                1
    __dbg_xxexit.o              20
    ------------------------------------------------
    Total:                      21

dlstm8smn.a: [4]
    cexit.o                      5
    char.o                      10
    cstartup.o                  19
    exit.o                       3
    init.o                      23
    init_small.o                70
    interrupt.o                  3      128
    low_level_init.o             3
    memset.o                    23
    short.o                     53
    unhandled_exception.o        3
    vreg_util.o                177
    vregs.o                                       16
    ------------------------------------------------
    Total:                     392      128       16

    Linker created                       18      256
----------------------------------------------------
    Grand Total:             4 693      974      359


*******************************************************************************
*** ENTRY LIST
***

Entry                    Address   Size  Type      Object
-----                    -------   ----  ----      ------
.iar.init_table$$Base   0x00939f          --   Gb  - Linker created -
.iar.init_table$$Limit  0x0093b1          --   Gb  - Linker created -
?b0                     0x000000         Data  Gb  vregs.o [4]
?b1                     0x000001         Data  Gb  vregs.o [4]
?b10                    0x00000a         Data  Gb  vregs.o [4]
?b11                    0x00000b         Data  Gb  vregs.o [4]
?b12                    0x00000c         Data  Gb  vregs.o [4]
?b13                    0x00000d         Data  Gb  vregs.o [4]
?b14                    0x00000e         Data  Gb  vregs.o [4]
?b15                    0x00000f         Data  Gb  vregs.o [4]
?b2                     0x000002         Data  Gb  vregs.o [4]
?b3                     0x000003         Data  Gb  vregs.o [4]
?b4                     0x000004         Data  Gb  vregs.o [4]
?b5                     0x000005         Data  Gb  vregs.o [4]
?b6                     0x000006         Data  Gb  vregs.o [4]
?b7                     0x000007         Data  Gb  vregs.o [4]
?b8                     0x000008         Data  Gb  vregs.o [4]
?b9                     0x000009         Data  Gb  vregs.o [4]
?e0                     0x000001         Data  Gb  vregs.o [4]
?e1                     0x000005         Data  Gb  vregs.o [4]
?e2                     0x000009         Data  Gb  vregs.o [4]
?e3                     0x00000d         Data  Gb  vregs.o [4]
?epilogue_l2            0x008ad2         Code  Gb  vreg_util.o [4]
?epilogue_l2_l3         0x008acf         Code  Gb  vreg_util.o [4]
?epilogue_w4            0x008ad6         Code  Gb  vreg_util.o [4]
?l0                     0x000000         Data  Gb  vregs.o [4]
?l1                     0x000004         Data  Gb  vregs.o [4]
?l2                     0x000008         Data  Gb  vregs.o [4]
?l3                     0x00000c         Data  Gb  vregs.o [4]
?mov_e0_e3              0x008add         Code  Gb  vreg_util.o [4]
?mov_e3_e0              0x008aea         Code  Gb  vreg_util.o [4]
?mov_l0_l3              0x008ada         Code  Gb  vreg_util.o [4]
?mov_l3_l0              0x008ae7         Code  Gb  vreg_util.o [4]
?mov_w1_w7              0x008ae0         Code  Gb  vreg_util.o [4]
?mov_w7_w1              0x008aed         Code  Gb  vreg_util.o [4]
?mul16_x_x_w0           0x0091fb         Code  Gb  short.o [4]
?pop_l0                 0x008a9b         Code  Gb  vreg_util.o [4]
?pop_l1                 0x008aa6         Code  Gb  vreg_util.o [4]
?pop_l2                 0x008ab1         Code  Gb  vreg_util.o [4]
?pop_l3                 0x008abc         Code  Gb  vreg_util.o [4]
?pop_w4                 0x008a5b         Code  Gb  vreg_util.o [4]
?push_l0                0x008a6a         Code  Gb  vreg_util.o [4]
?push_l1                0x008a6f         Code  Gb  vreg_util.o [4]
?push_l2                0x008a74         Code  Gb  vreg_util.o [4]
?push_l3                0x008a79         Code  Gb  vreg_util.o [4]
?push_w4                0x008a43         Code  Gb  vreg_util.o [4]
?sext16_x_a             0x009229         Code  Gb  short.o [4]
?sll16_x_x_a            0x009219         Code  Gb  short.o [4]
?sra16_x_x_a            0x009221         Code  Gb  short.o [4]
?srl8_a_a_b0            0x0095ba         Code  Gb  char.o [4]
?w0                     0x000000         Data  Gb  vregs.o [4]
?w1                     0x000002         Data  Gb  vregs.o [4]
?w2                     0x000004         Data  Gb  vregs.o [4]
?w3                     0x000006         Data  Gb  vregs.o [4]
?w4                     0x000008         Data  Gb  vregs.o [4]
?w5                     0x00000a         Data  Gb  vregs.o [4]
?w6                     0x00000c         Data  Gb  vregs.o [4]
?w7                     0x00000e         Data  Gb  vregs.o [4]
ADC1_COMP_IRQHandler    0x009617    0x1  Code  Gb  stm8l15x_it.o [1]
Ascii                   0x008080  0x1f0  Data  Gb  Picture.o [1]
BoardInit               0x008ba3   0x91  Code  Gb  main.o [1]
CLK_PeripheralClockConfig
                        0x008cc2   0x89  Code  Gb  stm8l15x_clk.o [1]
CSTACK$$Base            0x000300          --   Gb  - Linker created -
CSTACK$$Limit           0x000400          --   Gb  - Linker created -
Clk2msCnt               0x000066    0x1  Data  Gb  Misc.o [1]
Clk500msFlag            0x000065    0x1  Data  Gb  Misc.o [1]
DMA1_CHANNEL0_1_IRQHandler
                        0x009608    0x1  Code  Gb  stm8l15x_it.o [1]
DMA1_CHANNEL2_3_IRQHandler
                        0x009609    0x1  Code  Gb  stm8l15x_it.o [1]
Delay                   0x00950e   0x10  Code  Gb  Misc.o [1]
DelayMs                 0x009455   0x18  Code  Gb  Misc.o [1]
DispBuf                 0x000013   0x48  Data  Gb  LedScreen.o [1]
EV1257_GetEventKey      0x0095a3    0xc  Code  Gb  1527.o [1]
EV1257_GetRecvBuf       0x0095e8    0x4  Code  Gb  1527.o [1]
EV1257_IsReceived       0x0095ec    0x4  Code  Gb  1527.o [1]
EV1257_RecvNext         0x00949b   0x16  Code  Gb  1527.o [1]
EV1527_BitTime          0x009054   0x4b  Code  Lc  1527.o [1]
EV1527_Init             0x009009   0x4b  Code  Gb  1527.o [1]
EV1527_RecvBit          0x008dcf   0x6b  Code  Lc  1527.o [1]
EV1527_RecvData         0x008c34   0x8e  Code  Gb  1527.o [1]
EV1527_SetPower         0x009409   0x1b  Code  Gb  1527.o [1]
EXTI0_IRQHandler        0x00960e    0x1  Code  Gb  stm8l15x_it.o [1]
EXTI1_IRQHandler        0x0093ed   0x1c  Code  Gb  stm8l15x_it.o [1]
EXTI2_IRQHandler        0x00960f    0x1  Code  Gb  stm8l15x_it.o [1]
EXTI3_IRQHandler        0x009610    0x1  Code  Gb  stm8l15x_it.o [1]
EXTI4_IRQHandler        0x009611    0x1  Code  Gb  stm8l15x_it.o [1]
EXTI5_IRQHandler        0x009612    0x1  Code  Gb  stm8l15x_it.o [1]
EXTI6_IRQHandler        0x009613    0x1  Code  Gb  stm8l15x_it.o [1]
EXTI7_IRQHandler        0x009614    0x1  Code  Gb  stm8l15x_it.o [1]
EXTIB_G_IRQHandler      0x00960c    0x1  Code  Gb  stm8l15x_it.o [1]
EXTID_H_IRQHandler      0x00960d    0x1  Code  Gb  stm8l15x_it.o [1]
EXTIE_F_PVD_IRQHandler  0x00960b    0x1  Code  Gb  stm8l15x_it.o [1]
EXTI_ClearITPendingBit  0x00933c   0x21  Code  Gb  stm8l15x_exti.o [1]
EXTI_DeInit             0x00931b   0x21  Code  Gb  stm8l15x_exti.o [1]
EXTI_SetPinSensitivity  0x00854e  0x10d  Code  Gb  stm8l15x_exti.o [1]
Ev1527EventKey          0x000062    0x1  Data  Gb  1527.o [1]
Ev1527RecvBuf           0x00005b    0x3  Data  Gb  1527.o [1]
Ev1527RecvOkFlag        0x000061    0x1  Data  Gb  1527.o [1]
FLASH_DeInit            0x00951e   0x10  Code  Gb  stm8l15x_flash.o [1]
FLASH_IRQHandler        0x009607    0x1  Code  Gb  stm8l15x_it.o [1]
FLASH_ReadByte          0x0095f0    0x4  Code  Gb  stm8l15x_flash.o [1]
FLASH_ReadData          0x009230   0x31  Code  Gb  Misc.o [1]
GPIO_Init               0x008af4   0xaf  Code  Gb  stm8l15x_gpio.o [1]
GPIO_WriteBit           0x0094eb   0x12  Code  Gb  stm8l15x_gpio.o [1]
Hang                    0x00943d   0x18  Data  Gb  LedScreen.o [1]
I2C1_SPI2_IRQHandler    0x009621    0x1  Code  Gb  stm8l15x_it.o [1]
INTVEC$$Base            0x008000          --   Gb  - Linker created -
INTVEC$$Limit           0x008080          --   Gb  - Linker created -
LCD_AES_IRQHandler      0x009615    0x1  Code  Gb  stm8l15x_it.o [1]
LedScreen_Clear         0x00952e    0xd  Code  Gb  LedScreen.o [1]
LedScreen_DrawLine      0x00898e   0xb5  Code  Gb  LedScreen.o [1]
LedScreen_DrawPixel     0x00873d   0xd7  Code  Gb  LedScreen.o [1]
LedScreen_Init          0x008814   0xbf  Code  Gb  LedScreen.o [1]
LedScreen_PlayInitMovie
                        0x008f04   0x5a  Code  Gb  LedScreen.o [1]
LedScreen_PrintHex      0x008d4b   0x84  Code  Gb  LedScreen.o [1]
LedScreen_PrintString   0x00865b   0xe2  Code  Gb  LedScreen.o [1]
LedScreen_Scan          0x008432  0x11c  Code  Gb  LedScreen.o [1]
LedScreen_SetPower      0x008270  0x1c2  Code  Gb  LedScreen.o [1]
LedScreen_ShowImage     0x0091bf   0x3c  Code  Gb  LedScreen.o [1]
LedScrnPwrState         0x000010    0x1  Data  Gb  LedScreen.o [1]
Misc_Init               0x0095f4    0x3  Code  Gb  Misc.o [1]
Pic0                    0x00909f   0x48  Data  Gb  Picture.o [1]
Pic1                    0x0090e7   0x48  Data  Gb  Picture.o [1]
Pic2                    0x00912f   0x48  Data  Gb  Picture.o [1]
Pic3                    0x009177   0x48  Data  Gb  Picture.o [1]
Pwm                     0x000011    0x2  Data  Gb  LedScreen.o [1]
RTC_CSSLSE_IRQHandler   0x00960a    0x1  Code  Gb  stm8l15x_it.o [1]
Region$$Table$$Base     0x00939f          --   Gb  - Linker created -
Region$$Table$$Limit    0x0093b1          --   Gb  - Linker created -
RfSelfAddr              0x00005e    0x3  Data  Gb  1527.o [1]
SPI1_IRQHandler         0x00961e    0x1  Code  Gb  stm8l15x_it.o [1]
SPI_Cmd                 0x00953b    0xd  Code  Gb  stm8l15x_spi.o [1]
SPI_DeInit              0x009289   0x25  Code  Gb  stm8l15x_spi.o [1]
SPI_Init                0x008fb5   0x54  Code  Gb  stm8l15x_spi.o [1]
SWITCH_CSS_BREAK_DAC_IRQHandler
                        0x009616    0x1  Code  Gb  stm8l15x_it.o [1]
ScanTab                 0x0095c4    0x9  Data  Gb  LedScreen.o [1]
SysClk2msTick           0x009424   0x19  Code  Gb  Misc.o [1]
TIM1_CC_IRQHandler      0x00961d    0x1  Code  Gb  stm8l15x_it.o [1]
TIM1_UPD_OVF_TRG_COM_IRQHandler
                        0x00961c    0x1  Code  Gb  stm8l15x_it.o [1]
TIM2_ARRPreloadConfig   0x009548    0xd  Code  Gb  stm8l15x_tim2.o [1]
TIM2_CC_USART2_RX_IRQHandler
                        0x009619    0x1  Code  Gb  stm8l15x_it.o [1]
TIM2_Cmd                0x009555    0xd  Code  Gb  stm8l15x_tim2.o [1]
TIM2_CtrlPWMOutputs     0x009562    0xd  Code  Gb  stm8l15x_tim2.o [1]
TIM2_DeInit             0x008e3a   0x65  Code  Gb  stm8l15x_tim2.o [1]
TIM2_OC2Init            0x008f5e   0x57  Code  Gb  stm8l15x_tim2.o [1]
TIM2_TimeBaseInit       0x0092d3   0x24  Code  Gb  stm8l15x_tim2.o [1]
TIM2_UPD_OVF_TRG_BRK_USART2_TX_IRQHandler
                        0x009618    0x1  Code  Gb  stm8l15x_it.o [1]
TIM3_ARRPreloadConfig   0x00956f    0xd  Code  Gb  stm8l15x_tim3.o [1]
TIM3_CC_USART3_RX_IRQHandler
                        0x00961b    0x1  Code  Gb  stm8l15x_it.o [1]
TIM3_ClearFlag          0x0095af    0xb  Code  Gb  stm8l15x_tim3.o [1]
TIM3_Cmd                0x00957c    0xd  Code  Gb  stm8l15x_tim3.o [1]
TIM3_DeInit             0x008e9f   0x65  Code  Gb  stm8l15x_tim3.o [1]
TIM3_GetCounter         0x00935d   0x21  Code  Gb  stm8l15x_tim3.o [1]
TIM3_GetFlagStatus      0x0092ae   0x25  Code  Gb  stm8l15x_tim3.o [1]
TIM3_SetCounter         0x0095cd    0x9  Code  Gb  stm8l15x_tim3.o [1]
TIM3_TimeBaseInit       0x0092f7   0x24  Code  Gb  stm8l15x_tim3.o [1]
TIM3_UPD_OVF_TRG_BRK_USART3_TX_IRQHandler
                        0x00961a    0x1  Code  Gb  stm8l15x_it.o [1]
TIM4_ARRPreloadConfig   0x009589    0xd  Code  Gb  stm8l15x_tim4.o [1]
TIM4_ClearFlag          0x0095de    0x5  Code  Gb  stm8l15x_tim4.o [1]
TIM4_Cmd                0x009596    0xd  Code  Gb  stm8l15x_tim4.o [1]
TIM4_DeInit             0x00937e   0x21  Code  Gb  stm8l15x_tim4.o [1]
TIM4_ITConfig           0x0094c5   0x13  Code  Gb  stm8l15x_tim4.o [1]
TIM4_TimeBaseInit       0x0094fd   0x11  Code  Gb  stm8l15x_tim4.o [1]
TIM4_UPD_OVF_TRG_IRQHandler
                        0x0093b1   0x1e  Code  Gb  stm8l15x_it.o [1]
TRAP_IRQHandler         0x009606    0x1  Code  Gb  stm8l15x_it.o [1]
USART1_RX_TIM5_CC_IRQHandler
                        0x009620    0x1  Code  Gb  stm8l15x_it.o [1]
USART1_TX_TIM5_UPD_OVF_TRG_BRK_IRQHandler
                        0x00961f    0x1  Code  Gb  stm8l15x_it.o [1]
__DebugBreak            0x009622    0x1  Code  Gb  __dbg_break.o [3]
__exit                  0x0094b1   0x14  Code  Gb  __dbg_xxexit.o [3]
__iar_copy_init2        0x009261         Code  Gb  init_small.o [4]
__iar_data_init2        0x009484   0x17  Code  Gb  init.o [4]
__iar_program_start     0x0094d8         Code  Gb  cstartup.o [4]
__iar_unhandled_exception
                        0x009600         Code  Gb  unhandled_exception.o [4]
__iar_zero_init2        0x0093cf         Code  Gb  init_small.o [4]
__intvec                0x008000         Data  Gb  interrupt.o [4]
__low_level_init        0x0095fa    0x3  Code  Gb  low_level_init.o [4]
_exit                   0x0095e3         Code  Gb  cexit.o [4]
_interrupt_1            0x009606         Code  Gb  stm8l15x_it.o [1]
_interrupt_10           0x00960e         Code  Gb  stm8l15x_it.o [1]
_interrupt_11           0x0093ed         Code  Gb  stm8l15x_it.o [1]
_interrupt_12           0x00960f         Code  Gb  stm8l15x_it.o [1]
_interrupt_13           0x009610         Code  Gb  stm8l15x_it.o [1]
_interrupt_14           0x009611         Code  Gb  stm8l15x_it.o [1]
_interrupt_15           0x009612         Code  Gb  stm8l15x_it.o [1]
_interrupt_16           0x009613         Code  Gb  stm8l15x_it.o [1]
_interrupt_17           0x009614         Code  Gb  stm8l15x_it.o [1]
_interrupt_18           0x009615         Code  Gb  stm8l15x_it.o [1]
_interrupt_19           0x009616         Code  Gb  stm8l15x_it.o [1]
_interrupt_20           0x009617         Code  Gb  stm8l15x_it.o [1]
_interrupt_21           0x009618         Code  Gb  stm8l15x_it.o [1]
_interrupt_22           0x009619         Code  Gb  stm8l15x_it.o [1]
_interrupt_23           0x00961a         Code  Gb  stm8l15x_it.o [1]
_interrupt_24           0x00961b         Code  Gb  stm8l15x_it.o [1]
_interrupt_25           0x00961c         Code  Gb  stm8l15x_it.o [1]
_interrupt_26           0x00961d         Code  Gb  stm8l15x_it.o [1]
_interrupt_27           0x0093b1         Code  Gb  stm8l15x_it.o [1]
_interrupt_28           0x00961e         Code  Gb  stm8l15x_it.o [1]
_interrupt_29           0x00961f         Code  Gb  stm8l15x_it.o [1]
_interrupt_3            0x009607         Code  Gb  stm8l15x_it.o [1]
_interrupt_30           0x009620         Code  Gb  stm8l15x_it.o [1]
_interrupt_31           0x009621         Code  Gb  stm8l15x_it.o [1]
_interrupt_4            0x009608         Code  Gb  stm8l15x_it.o [1]
_interrupt_5            0x009609         Code  Gb  stm8l15x_it.o [1]
_interrupt_6            0x00960a         Code  Gb  stm8l15x_it.o [1]
_interrupt_7            0x00960b         Code  Gb  stm8l15x_it.o [1]
_interrupt_8            0x00960c         Code  Gb  stm8l15x_it.o [1]
_interrupt_9            0x00960d         Code  Gb  stm8l15x_it.o [1]
exit                    0x0095fd    0x3  Code  Gb  exit.o [4]
main                    0x0088d3   0xbb  Code  Gb  main.o [1]
memset                  0x00946d   0x17  Code  Gb  memset.o [4]
xy                      0x0095d6    0x8  Data  Gb  LedScreen.o [1]


[1] = G:\MiniLedScreen\Debug\Obj
[2] = command line
[3] = dbgstm8smd.a
[4] = dlstm8smn.a

  4 693 bytes of readonly  code memory
    974 bytes of readonly  data memory
    359 bytes of readwrite data memory

Errors: none
Warnings: none
