###############################################################################
#
# IAR ELF Linker V2.20.1.176 for STM8                     25/Sep/2017  22:58:51
# Copyright 2010-2015 IAR Systems AB.
#
#    Output file  =  G:\MiniLedScreen\Debug\Exe\MiniLedScreen.out
#    Map file     =  G:\MiniLedScreen\Debug\List\MiniLedScreen.map
#    Command line =  
#        G:\MiniLedScreen\Debug\Obj\1527.o
#        G:\MiniLedScreen\Debug\Obj\LedScreen.o
#        G:\MiniLedScreen\Debug\Obj\main.o G:\MiniLedScreen\Debug\Obj\Misc.o
#        G:\MiniLedScreen\Debug\Obj\Picture.o
#        G:\MiniLedScreen\Debug\Obj\stm8l15x_adc.o
#        G:\MiniLedScreen\Debug\Obj\stm8l15x_clk.o
#        G:\MiniLedScreen\Debug\Obj\stm8l15x_exti.o
#        G:\MiniLedScreen\Debug\Obj\stm8l15x_flash.o
#        G:\MiniLedScreen\Debug\Obj\stm8l15x_gpio.o
#        G:\MiniLedScreen\Debug\Obj\stm8l15x_it.o
#        G:\MiniLedScreen\Debug\Obj\stm8l15x_itc.o
#        G:\MiniLedScreen\Debug\Obj\stm8l15x_pwr.o
#        G:\MiniLedScreen\Debug\Obj\stm8l15x_spi.o
#        G:\MiniLedScreen\Debug\Obj\stm8l15x_syscfg.o
#        G:\MiniLedScreen\Debug\Obj\stm8l15x_tim2.o
#        G:\MiniLedScreen\Debug\Obj\stm8l15x_tim3.o
#        G:\MiniLedScreen\Debug\Obj\stm8l15x_tim4.o --redirect
#        _Printf=_PrintfFullNoMb --redirect _Scanf=_ScanfFullNoMb -o
#        G:\MiniLedScreen\Debug\Exe\MiniLedScreen.out --map
#        G:\MiniLedScreen\Debug\List\MiniLedScreen.map --config "D:\Program
#        Files\IAR Systems\Embedded Workbench
#        7.3\stm8\config\lnkstm8l051f3.icf" --config_def _CSTACK_SIZE=0x100
#        --config_def _HEAP_SIZE=0x100 --entry __iar_program_start --debug_lib
#
###############################################################################

*******************************************************************************
*** RUNTIME MODEL ATTRIBUTES
***

__SystemLibrary            = DLib
__code_model               = small
__core                     = stm8
__data_model               = medium
__dlib_file_descriptor     = 0
__dlib_full_locale_support = 0
__rt_version               = 4


*******************************************************************************
*** PLACEMENT SUMMARY
***

"A1":  place at start of [0x000000-0x0000ff] { rw section .vregs };
"A2":  place at end of [0x000000-0x0003ff] { block CSTACK };
"P2":  place in [from 0x000000 to 0x0003ff] {
          block HEAP, rw section __DLIB_PERTHREAD, rw section .far.bss,
          rw section .far.data, rw section .far.noinit,
          rw section .far_func.textrw, rw section .huge.bss,
          rw section .huge.data, rw section .huge.noinit,
          rw section .huge_func.textrw, rw section .iar.dynexit,
          rw section .near.bss, rw section .near.data, rw section .near.noinit,
          rw section .near_func.textrw };
"A3":  place at start of [0x008000-0x009fff] { block INTVEC };
"P3":  place in [from 0x008000 to 0x009fff] {
          ro section __DLIB_PERTHREAD_init, ro section .far.data_init,
          ro section .far_func.textrw_init, ro section .huge.data_init,
          ro section .huge_func.textrw_init, ro section .iar.init_table,
          ro section .init_array, ro section .near.data_init,
          ro section .near.rodata, ro section .near_func.text,
          ro section .near_func.textrw_init, ro section .tiny.data_init,
          ro section .tiny.rodata_init };

  Section          Kind      Address   Size  Object
  -------          ----      -------   ----  ------
"A1":                                  0x10
  .vregs           uninit   0x000000   0x10  vregs.o [4]
                          - 0x000010   0x10

"P2":                                  0x5b
  .near.bss        zero     0x000010   0x48  LedScreen.o [1]
  .near.bss        zero     0x000058    0xc  1527.o [1]
  .near.bss        zero     0x000064    0x3  1527.o [1]
  .near.bss        zero     0x000067    0x1  1527.o [1]
  .near.bss        zero     0x000068    0x1  LedScreen.o [1]
  .near.bss        zero     0x000069    0x1  LedScreen.o [1]
  .near.bss        zero     0x00006a    0x1  Misc.o [1]
                          - 0x00006b   0x5b

"A2":                                 0x100
  CSTACK                    0x000300  0x100  <Block>
    CSTACK         uninit   0x000300  0x100  <Block tail>
                          - 0x000400  0x100

"A3":                                  0x80
  INTVEC                    0x008000   0x80  <Block>
    .intvec        const    0x008000   0x80  interrupt.o [4]
                          - 0x008080   0x80

"P3":                                 0xb32
  .near_func.text  ro code  0x008080  0x123  LedScreen.o [1]
  .near_func.text  ro code  0x0081a3  0x10d  stm8l15x_exti.o [1]
  .near_func.text  ro code  0x0082b0   0xfc  LedScreen.o [1]
  .near_func.text  ro code  0x0083ac   0xb1  vreg_util.o [4]
  .near_func.text  ro code  0x00845d   0xaf  stm8l15x_gpio.o [1]
  .near_func.text  ro code  0x00850c   0x89  stm8l15x_clk.o [1]
  .near_func.text  ro code  0x008595   0x7f  stm8l15x_adc.o [1]
  .near_func.text  ro code  0x008614   0x65  stm8l15x_tim3.o [1]
  .near_func.text  ro code  0x008679   0x5a  main.o [1]
  .near_func.text  ro code  0x0086d3   0x57  stm8l15x_tim3.o [1]
  .near_func.text  ro code  0x00872a   0x54  stm8l15x_spi.o [1]
  .near_func.text  ro code  0x00877e   0x4f  stm8l15x_adc.o [1]
  .near_func.text  ro code  0x0087cd   0x4c  stm8l15x_adc.o [1]
  .near_func.text  ro code  0x008819   0x38  1527.o [1]
  .near_func.text  ro code  0x008851   0x36  memcmp.o [4]
  .near_func.text  ro code  0x008887   0x31  Misc.o [1]
  .near_func.text  ro code  0x0088b8   0x2f  stm8l15x_adc.o [1]
  .near_func.text  ro code  0x0088e7   0x26  short.o [4]
  .near_func.text  ro code  0x00890d   0x25  stm8l15x_spi.o [1]
  .near_func.text  ro code  0x008932   0x24  stm8l15x_tim3.o [1]
  .near_func.text  ro code  0x008956   0x22  1527.o [1]
  .near_func.text  ro code  0x008978   0x21  stm8l15x_exti.o [1]
  .near_func.text  ro code  0x008999   0x21  stm8l15x_exti.o [1]
  .near_func.text  ro code  0x0089ba   0x21  stm8l15x_it.o [1]
  .near_func.text  ro code  0x0089db   0x21  stm8l15x_tim4.o [1]
  .iar.init_table  const    0x0089fc    0x8  - Linker created -
  .near_func.text  ro code  0x008a04   0x1e  init_small.o [4]
  .near_func.text  ro code  0x008a22   0x1b  stm8l15x_it.o [1]
  .near.rodata     const    0x008a3d   0x18  LedScreen.o [1]
  .near_func.text  ro code  0x008a55   0x17  memset.o [4]
  .near_func.text  ro code  0x008a6c   0x17  init.o [4]
  .near_func.text  ro code  0x008a83   0x14  __dbg_xxexit.o [3]
  .near_func.text  ro code  0x008a97   0x13  stm8l15x_tim4.o [1]
  .near_func.text  ro code  0x008aaa   0x13  cstartup.o [4]
  .near_func.text  ro code  0x008abd   0x12  1527.o [1]
  .near_func.text  ro code  0x008acf   0x12  stm8l15x_gpio.o [1]
  .near_func.text  ro code  0x008ae1   0x11  stm8l15x_tim4.o [1]
  .near_func.text  ro code  0x008af2   0x10  stm8l15x_flash.o [1]
  .near_func.text  ro code  0x008b02    0xd  stm8l15x_adc.o [1]
  .near_func.text  ro code  0x008b0f    0xd  stm8l15x_spi.o [1]
  .near_func.text  ro code  0x008b1c    0xd  stm8l15x_tim3.o [1]
  .near_func.text  ro code  0x008b29    0xd  stm8l15x_tim3.o [1]
  .near_func.text  ro code  0x008b36    0xd  stm8l15x_tim3.o [1]
  .near_func.text  ro code  0x008b43    0xd  stm8l15x_tim4.o [1]
  .near_func.text  ro code  0x008b50    0xd  stm8l15x_tim4.o [1]
  .near_func.text  ro code  0x008b5d    0xb  main.o [1]
  .near_func.text  ro code  0x008b68    0x7  stm8l15x_gpio.o [1]
  .near_func.text  ro code  0x008b6f    0x5  stm8l15x_tim4.o [1]
  .near_func.text  ro code  0x008b74    0x5  char.o [4]
  .near_func.text  ro code  0x008b79    0x5  cexit.o [4]
  .near_func.text  ro code  0x008b7e    0x4  1527.o [1]
  .near_func.text  ro code  0x008b82    0x4  stm8l15x_flash.o [1]
  .near_func.text  ro code  0x008b86    0x3  Misc.o [1]
  .near_func.text  ro code  0x008b89    0x3  interrupt.o [4]
  .near_func.text  ro code  0x008b8c    0x3  low_level_init.o [4]
  .near_func.text  ro code  0x008b8f    0x3  exit.o [4]
  .near_func.text  ro code  0x008b92    0x3  unhandled_exception.o [4]
  .near_func.text  ro code  0x008b95    0x1  stm8l15x_it.o [1]
  .near_func.text  ro code  0x008b96    0x1  stm8l15x_it.o [1]
  .near_func.text  ro code  0x008b97    0x1  stm8l15x_it.o [1]
  .near_func.text  ro code  0x008b98    0x1  stm8l15x_it.o [1]
  .near_func.text  ro code  0x008b99    0x1  stm8l15x_it.o [1]
  .near_func.text  ro code  0x008b9a    0x1  stm8l15x_it.o [1]
  .near_func.text  ro code  0x008b9b    0x1  stm8l15x_it.o [1]
  .near_func.text  ro code  0x008b9c    0x1  stm8l15x_it.o [1]
  .near_func.text  ro code  0x008b9d    0x1  stm8l15x_it.o [1]
  .near_func.text  ro code  0x008b9e    0x1  stm8l15x_it.o [1]
  .near_func.text  ro code  0x008b9f    0x1  stm8l15x_it.o [1]
  .near_func.text  ro code  0x008ba0    0x1  stm8l15x_it.o [1]
  .near_func.text  ro code  0x008ba1    0x1  stm8l15x_it.o [1]
  .near_func.text  ro code  0x008ba2    0x1  stm8l15x_it.o [1]
  .near_func.text  ro code  0x008ba3    0x1  stm8l15x_it.o [1]
  .near_func.text  ro code  0x008ba4    0x1  stm8l15x_it.o [1]
  .near_func.text  ro code  0x008ba5    0x1  stm8l15x_it.o [1]
  .near_func.text  ro code  0x008ba6    0x1  stm8l15x_it.o [1]
  .near_func.text  ro code  0x008ba7    0x1  stm8l15x_it.o [1]
  .near_func.text  ro code  0x008ba8    0x1  stm8l15x_it.o [1]
  .near_func.text  ro code  0x008ba9    0x1  stm8l15x_it.o [1]
  .near_func.text  ro code  0x008baa    0x1  stm8l15x_it.o [1]
  .near_func.text  ro code  0x008bab    0x1  stm8l15x_it.o [1]
  .near_func.text  ro code  0x008bac    0x1  stm8l15x_it.o [1]
  .near_func.text  ro code  0x008bad    0x1  stm8l15x_it.o [1]
  .near_func.text  ro code  0x008bae    0x1  stm8l15x_it.o [1]
  .near_func.text  ro code  0x008baf    0x1  stm8l15x_it.o [1]
  .near_func.text  ro code  0x008bb0    0x1  stm8l15x_it.o [1]
  .near_func.text  ro code  0x008bb1    0x1  __dbg_break.o [3]
                          - 0x008bb2  0xb32


*******************************************************************************
*** INIT TABLE
***

          Address   Size
          -------   ----
Zero (__iar_zero_init2)
    1 destination range, total size 0x5b:
          0x000010  0x5b



*******************************************************************************
*** MODULE SUMMARY
***

    Module                 ro code  ro data  rw data
    ------                 -------  -------  -------
G:\MiniLedScreen\Debug\Obj: [1]
    1527.o                     112                16
    LedScreen.o                543       24       74
    Misc.o                      52                 1
    main.o                     101
    stm8l15x_adc.o             342
    stm8l15x_clk.o             137
    stm8l15x_exti.o            335
    stm8l15x_flash.o            20
    stm8l15x_gpio.o            200
    stm8l15x_it.o               88
    stm8l15x_spi.o             134
    stm8l15x_tim3.o            263
    stm8l15x_tim4.o            100
    ------------------------------------------------
    Total:                   2 427       24       91

command line: [2]
    ------------------------------------------------
    Total:

dbgstm8smd.a: [3]
    __dbg_break.o                1
    __dbg_xxexit.o              20
    ------------------------------------------------
    Total:                      21

dlstm8smn.a: [4]
    cexit.o                      5
    char.o                       5
    cstartup.o                  19
    exit.o                       3
    init.o                      23
    init_small.o                30
    interrupt.o                  3      128
    low_level_init.o             3
    memcmp.o                    54
    memset.o                    23
    short.o                     38
    unhandled_exception.o        3
    vreg_util.o                177
    vregs.o                                       16
    ------------------------------------------------
    Total:                     386      128       16

    Linker created                        8      256
----------------------------------------------------
    Grand Total:             2 834      160      363


*******************************************************************************
*** ENTRY LIST
***

Entry                    Address   Size  Type      Object
-----                    -------   ----  ----      ------
.iar.init_table$$Base   0x0089fc          --   Gb  - Linker created -
.iar.init_table$$Limit  0x008a04          --   Gb  - Linker created -
?b0                     0x000000         Data  Gb  vregs.o [4]
?b1                     0x000001         Data  Gb  vregs.o [4]
?b10                    0x00000a         Data  Gb  vregs.o [4]
?b11                    0x00000b         Data  Gb  vregs.o [4]
?b12                    0x00000c         Data  Gb  vregs.o [4]
?b13                    0x00000d         Data  Gb  vregs.o [4]
?b14                    0x00000e         Data  Gb  vregs.o [4]
?b15                    0x00000f         Data  Gb  vregs.o [4]
?b2                     0x000002         Data  Gb  vregs.o [4]
?b3                     0x000003         Data  Gb  vregs.o [4]
?b4                     0x000004         Data  Gb  vregs.o [4]
?b5                     0x000005         Data  Gb  vregs.o [4]
?b6                     0x000006         Data  Gb  vregs.o [4]
?b7                     0x000007         Data  Gb  vregs.o [4]
?b8                     0x000008         Data  Gb  vregs.o [4]
?b9                     0x000009         Data  Gb  vregs.o [4]
?e0                     0x000001         Data  Gb  vregs.o [4]
?e1                     0x000005         Data  Gb  vregs.o [4]
?e2                     0x000009         Data  Gb  vregs.o [4]
?e3                     0x00000d         Data  Gb  vregs.o [4]
?epilogue_l2            0x00843b         Code  Gb  vreg_util.o [4]
?epilogue_l2_l3         0x008438         Code  Gb  vreg_util.o [4]
?epilogue_w4            0x00843f         Code  Gb  vreg_util.o [4]
?l0                     0x000000         Data  Gb  vregs.o [4]
?l1                     0x000004         Data  Gb  vregs.o [4]
?l2                     0x000008         Data  Gb  vregs.o [4]
?l3                     0x00000c         Data  Gb  vregs.o [4]
?mov_e0_e3              0x008446         Code  Gb  vreg_util.o [4]
?mov_e3_e0              0x008453         Code  Gb  vreg_util.o [4]
?mov_l0_l3              0x008443         Code  Gb  vreg_util.o [4]
?mov_l3_l0              0x008450         Code  Gb  vreg_util.o [4]
?mov_w1_w7              0x008449         Code  Gb  vreg_util.o [4]
?mov_w7_w1              0x008456         Code  Gb  vreg_util.o [4]
?mul16_x_x_w0           0x0088e7         Code  Gb  short.o [4]
?pop_l0                 0x008404         Code  Gb  vreg_util.o [4]
?pop_l1                 0x00840f         Code  Gb  vreg_util.o [4]
?pop_l2                 0x00841a         Code  Gb  vreg_util.o [4]
?pop_l3                 0x008425         Code  Gb  vreg_util.o [4]
?pop_w4                 0x0083c4         Code  Gb  vreg_util.o [4]
?push_l0                0x0083d3         Code  Gb  vreg_util.o [4]
?push_l1                0x0083d8         Code  Gb  vreg_util.o [4]
?push_l2                0x0083dd         Code  Gb  vreg_util.o [4]
?push_l3                0x0083e2         Code  Gb  vreg_util.o [4]
?push_w4                0x0083ac         Code  Gb  vreg_util.o [4]
?sll16_x_x_a            0x008905         Code  Gb  short.o [4]
?sll8_a_a_5             0x008b74         Code  Gb  char.o [4]
?w0                     0x000000         Data  Gb  vregs.o [4]
?w1                     0x000002         Data  Gb  vregs.o [4]
?w2                     0x000004         Data  Gb  vregs.o [4]
?w3                     0x000006         Data  Gb  vregs.o [4]
?w4                     0x000008         Data  Gb  vregs.o [4]
?w5                     0x00000a         Data  Gb  vregs.o [4]
?w6                     0x00000c         Data  Gb  vregs.o [4]
?w7                     0x00000e         Data  Gb  vregs.o [4]
ADC1_COMP_IRQHandler    0x008ba6    0x1  Code  Gb  stm8l15x_it.o [1]
ADC_ChannelCmd          0x00877e   0x4f  Code  Gb  stm8l15x_adc.o [1]
ADC_Cmd                 0x008b02    0xd  Code  Gb  stm8l15x_adc.o [1]
ADC_DeInit              0x008595   0x7f  Code  Gb  stm8l15x_adc.o [1]
ADC_Init                0x0088b8   0x2f  Code  Gb  stm8l15x_adc.o [1]
ADC_SamplingTimeConfig  0x0087cd   0x4c  Code  Gb  stm8l15x_adc.o [1]
BoardInit               0x008b5d    0xb  Code  Gb  main.o [1]
CLK_PeripheralClockConfig
                        0x00850c   0x89  Code  Gb  stm8l15x_clk.o [1]
CSTACK$$Base            0x000300          --   Gb  - Linker created -
CSTACK$$Limit           0x000400          --   Gb  - Linker created -
Clk500msFlag            0x00006a    0x1  Data  Gb  Misc.o [1]
DMA1_CHANNEL0_1_IRQHandler
                        0x008b97    0x1  Code  Gb  stm8l15x_it.o [1]
DMA1_CHANNEL2_3_IRQHandler
                        0x008b98    0x1  Code  Gb  stm8l15x_it.o [1]
DevRfAddr               0x000064    0x3  Data  Gb  1527.o [1]
DispBuf                 0x000010   0x48  Data  Gb  LedScreen.o [1]
EV1257_ClearRecvBuf     0x008abd   0x12  Code  Gb  1527.o [1]
EV1257_GetRecvData      0x008b7e    0x4  Code  Gb  1527.o [1]
EV1257_IsReceived       0x008956   0x22  Code  Gb  1527.o [1]
EV1527_Init             0x008819   0x38  Code  Gb  1527.o [1]
EXTI0_IRQHandler        0x008b9d    0x1  Code  Gb  stm8l15x_it.o [1]
EXTI1_IRQHandler        0x0089ba   0x21  Code  Gb  stm8l15x_it.o [1]
EXTI2_IRQHandler        0x008b9e    0x1  Code  Gb  stm8l15x_it.o [1]
EXTI3_IRQHandler        0x008b9f    0x1  Code  Gb  stm8l15x_it.o [1]
EXTI4_IRQHandler        0x008ba0    0x1  Code  Gb  stm8l15x_it.o [1]
EXTI5_IRQHandler        0x008ba1    0x1  Code  Gb  stm8l15x_it.o [1]
EXTI6_IRQHandler        0x008ba2    0x1  Code  Gb  stm8l15x_it.o [1]
EXTI7_IRQHandler        0x008ba3    0x1  Code  Gb  stm8l15x_it.o [1]
EXTIB_G_IRQHandler      0x008b9b    0x1  Code  Gb  stm8l15x_it.o [1]
EXTID_H_IRQHandler      0x008b9c    0x1  Code  Gb  stm8l15x_it.o [1]
EXTIE_F_PVD_IRQHandler  0x008b9a    0x1  Code  Gb  stm8l15x_it.o [1]
EXTI_ClearITPendingBit  0x008999   0x21  Code  Gb  stm8l15x_exti.o [1]
EXTI_DeInit             0x008978   0x21  Code  Gb  stm8l15x_exti.o [1]
EXTI_SetPinSensitivity  0x0081a3  0x10d  Code  Gb  stm8l15x_exti.o [1]
Ev1527RecvBuf           0x000058    0xc  Data  Gb  1527.o [1]
Ev1527RecvOkFlag        0x000067    0x1  Data  Gb  1527.o [1]
FLASH_DeInit            0x008af2   0x10  Code  Gb  stm8l15x_flash.o [1]
FLASH_IRQHandler        0x008b96    0x1  Code  Gb  stm8l15x_it.o [1]
FLASH_ReadByte          0x008b82    0x4  Code  Gb  stm8l15x_flash.o [1]
FLASH_ReadData          0x008887   0x31  Code  Gb  Misc.o [1]
GPIO_Init               0x00845d   0xaf  Code  Gb  stm8l15x_gpio.o [1]
GPIO_ToggleBits         0x008b68    0x7  Code  Gb  stm8l15x_gpio.o [1]
GPIO_WriteBit           0x008acf   0x12  Code  Gb  stm8l15x_gpio.o [1]
Hang                    0x008a3d   0x18  Data  Gb  LedScreen.o [1]
I2C1_SPI2_IRQHandler    0x008bb0    0x1  Code  Gb  stm8l15x_it.o [1]
INTVEC$$Base            0x008000          --   Gb  - Linker created -
INTVEC$$Limit           0x008080          --   Gb  - Linker created -
LCD_AES_IRQHandler      0x008ba4    0x1  Code  Gb  stm8l15x_it.o [1]
LedScreen_Init          0x0082b0   0xfc  Code  Gb  LedScreen.o [1]
LedScreen_Scan          0x008080  0x123  Code  Gb  LedScreen.o [1]
Misc_Init               0x008b86    0x3  Code  Gb  Misc.o [1]
RTC_CSSLSE_IRQHandler   0x008b99    0x1  Code  Gb  stm8l15x_it.o [1]
Region$$Table$$Base     0x0089fc          --   Gb  - Linker created -
Region$$Table$$Limit    0x008a04          --   Gb  - Linker created -
SPI1_IRQHandler         0x008bad    0x1  Code  Gb  stm8l15x_it.o [1]
SPI_Cmd                 0x008b0f    0xd  Code  Gb  stm8l15x_spi.o [1]
SPI_DeInit              0x00890d   0x25  Code  Gb  stm8l15x_spi.o [1]
SPI_Init                0x00872a   0x54  Code  Gb  stm8l15x_spi.o [1]
SWITCH_CSS_BREAK_DAC_IRQHandler
                        0x008ba5    0x1  Code  Gb  stm8l15x_it.o [1]
TIM1_CC_IRQHandler      0x008bac    0x1  Code  Gb  stm8l15x_it.o [1]
TIM1_UPD_OVF_TRG_COM_IRQHandler
                        0x008bab    0x1  Code  Gb  stm8l15x_it.o [1]
TIM2_CC_USART2_RX_IRQHandler
                        0x008ba8    0x1  Code  Gb  stm8l15x_it.o [1]
TIM2_UPD_OVF_TRG_BRK_USART2_TX_IRQHandler
                        0x008ba7    0x1  Code  Gb  stm8l15x_it.o [1]
TIM3_ARRPreloadConfig   0x008b1c    0xd  Code  Gb  stm8l15x_tim3.o [1]
TIM3_CC_USART3_RX_IRQHandler
                        0x008baa    0x1  Code  Gb  stm8l15x_it.o [1]
TIM3_Cmd                0x008b29    0xd  Code  Gb  stm8l15x_tim3.o [1]
TIM3_CtrlPWMOutputs     0x008b36    0xd  Code  Gb  stm8l15x_tim3.o [1]
TIM3_DeInit             0x008614   0x65  Code  Gb  stm8l15x_tim3.o [1]
TIM3_OC2Init            0x0086d3   0x57  Code  Gb  stm8l15x_tim3.o [1]
TIM3_TimeBaseInit       0x008932   0x24  Code  Gb  stm8l15x_tim3.o [1]
TIM3_UPD_OVF_TRG_BRK_USART3_TX_IRQHandler
                        0x008ba9    0x1  Code  Gb  stm8l15x_it.o [1]
TIM4_ARRPreloadConfig   0x008b43    0xd  Code  Gb  stm8l15x_tim4.o [1]
TIM4_ClearFlag          0x008b6f    0x5  Code  Gb  stm8l15x_tim4.o [1]
TIM4_Cmd                0x008b50    0xd  Code  Gb  stm8l15x_tim4.o [1]
TIM4_DeInit             0x0089db   0x21  Code  Gb  stm8l15x_tim4.o [1]
TIM4_ITConfig           0x008a97   0x13  Code  Gb  stm8l15x_tim4.o [1]
TIM4_TimeBaseInit       0x008ae1   0x11  Code  Gb  stm8l15x_tim4.o [1]
TIM4_UPD_OVF_TRG_IRQHandler
                        0x008a22   0x1b  Code  Gb  stm8l15x_it.o [1]
TRAP_IRQHandler         0x008b95    0x1  Code  Gb  stm8l15x_it.o [1]
USART1_RX_TIM5_CC_IRQHandler
                        0x008baf    0x1  Code  Gb  stm8l15x_it.o [1]
USART1_TX_TIM5_UPD_OVF_TRG_BRK_IRQHandler
                        0x008bae    0x1  Code  Gb  stm8l15x_it.o [1]
__DebugBreak            0x008bb1    0x1  Code  Gb  __dbg_break.o [3]
__exit                  0x008a83   0x14  Code  Gb  __dbg_xxexit.o [3]
__iar_data_init2        0x008a6c   0x17  Code  Gb  init.o [4]
__iar_program_start     0x008aaa         Code  Gb  cstartup.o [4]
__iar_unhandled_exception
                        0x008b92         Code  Gb  unhandled_exception.o [4]
__iar_zero_init2        0x008a04         Code  Gb  init_small.o [4]
__intvec                0x008000         Data  Gb  interrupt.o [4]
__low_level_init        0x008b8c    0x3  Code  Gb  low_level_init.o [4]
_exit                   0x008b79         Code  Gb  cexit.o [4]
_interrupt_1            0x008b95         Code  Gb  stm8l15x_it.o [1]
_interrupt_10           0x008b9d         Code  Gb  stm8l15x_it.o [1]
_interrupt_11           0x0089ba         Code  Gb  stm8l15x_it.o [1]
_interrupt_12           0x008b9e         Code  Gb  stm8l15x_it.o [1]
_interrupt_13           0x008b9f         Code  Gb  stm8l15x_it.o [1]
_interrupt_14           0x008ba0         Code  Gb  stm8l15x_it.o [1]
_interrupt_15           0x008ba1         Code  Gb  stm8l15x_it.o [1]
_interrupt_16           0x008ba2         Code  Gb  stm8l15x_it.o [1]
_interrupt_17           0x008ba3         Code  Gb  stm8l15x_it.o [1]
_interrupt_18           0x008ba4         Code  Gb  stm8l15x_it.o [1]
_interrupt_19           0x008ba5         Code  Gb  stm8l15x_it.o [1]
_interrupt_20           0x008ba6         Code  Gb  stm8l15x_it.o [1]
_interrupt_21           0x008ba7         Code  Gb  stm8l15x_it.o [1]
_interrupt_22           0x008ba8         Code  Gb  stm8l15x_it.o [1]
_interrupt_23           0x008ba9         Code  Gb  stm8l15x_it.o [1]
_interrupt_24           0x008baa         Code  Gb  stm8l15x_it.o [1]
_interrupt_25           0x008bab         Code  Gb  stm8l15x_it.o [1]
_interrupt_26           0x008bac         Code  Gb  stm8l15x_it.o [1]
_interrupt_27           0x008a22         Code  Gb  stm8l15x_it.o [1]
_interrupt_28           0x008bad         Code  Gb  stm8l15x_it.o [1]
_interrupt_29           0x008bae         Code  Gb  stm8l15x_it.o [1]
_interrupt_3            0x008b96         Code  Gb  stm8l15x_it.o [1]
_interrupt_30           0x008baf         Code  Gb  stm8l15x_it.o [1]
_interrupt_31           0x008bb0         Code  Gb  stm8l15x_it.o [1]
_interrupt_4            0x008b97         Code  Gb  stm8l15x_it.o [1]
_interrupt_5            0x008b98         Code  Gb  stm8l15x_it.o [1]
_interrupt_6            0x008b99         Code  Gb  stm8l15x_it.o [1]
_interrupt_7            0x008b9a         Code  Gb  stm8l15x_it.o [1]
_interrupt_8            0x008b9b         Code  Gb  stm8l15x_it.o [1]
_interrupt_9            0x008b9c         Code  Gb  stm8l15x_it.o [1]
exit                    0x008b8f    0x3  Code  Gb  exit.o [4]
main                    0x008679   0x5a  Code  Gb  main.o [1]
memcmp                  0x008851   0x36  Code  Gb  memcmp.o [4]
memset                  0x008a55   0x17  Code  Gb  memset.o [4]


[1] = G:\MiniLedScreen\Debug\Obj
[2] = command line
[3] = dbgstm8smd.a
[4] = dlstm8smn.a

  2 834 bytes of readonly  code memory
    160 bytes of readonly  data memory
    363 bytes of readwrite data memory

Errors: none
Warnings: none
