###############################################################################
#
# IAR ELF Linker V2.20.1.176 for STM8                     23/Sep/2017  21:25:42
# Copyright 2010-2015 IAR Systems AB.
#
#    Output file  =  
#        G:\mini LED屏幕项目\Firmware\MiniLedScreen\Debug\Exe\MiniLedScreen.out
#    Map file     =  
#        G:\mini
#        LED屏幕项目\Firmware\MiniLedScreen\Debug\List\MiniLedScreen.map
#    Command line =  
#        "G:\mini LED屏幕项目\Firmware\MiniLedScreen\Debug\Obj\main.o" "G:\mini
#        LED屏幕项目\Firmware\MiniLedScreen\Debug\Obj\Picture.o" "G:\mini
#        LED屏幕项目\Firmware\MiniLedScreen\Debug\Obj\stm8l15x_adc.o" "G:\mini
#        LED屏幕项目\Firmware\MiniLedScreen\Debug\Obj\stm8l15x_clk.o" "G:\mini
#        LED屏幕项目\Firmware\MiniLedScreen\Debug\Obj\stm8l15x_exti.o" "G:\mini
#        LED屏幕项目\Firmware\MiniLedScreen\Debug\Obj\stm8l15x_flash.o"
#        "G:\mini LED屏幕项目\Firmware\MiniLedScreen\Debug\Obj\stm8l15x_gpio.o"
#        "G:\mini LED屏幕项目\Firmware\MiniLedScreen\Debug\Obj\stm8l15x_it.o"
#        "G:\mini LED屏幕项目\Firmware\MiniLedScreen\Debug\Obj\stm8l15x_itc.o"
#        "G:\mini LED屏幕项目\Firmware\MiniLedScreen\Debug\Obj\stm8l15x_pwr.o"
#        "G:\mini LED屏幕项目\Firmware\MiniLedScreen\Debug\Obj\stm8l15x_spi.o"
#        "G:\mini
#        LED屏幕项目\Firmware\MiniLedScreen\Debug\Obj\stm8l15x_syscfg.o"
#        "G:\mini LED屏幕项目\Firmware\MiniLedScreen\Debug\Obj\stm8l15x_tim2.o"
#        "G:\mini LED屏幕项目\Firmware\MiniLedScreen\Debug\Obj\stm8l15x_tim3.o"
#        "G:\mini LED屏幕项目\Firmware\MiniLedScreen\Debug\Obj\stm8l15x_tim4.o"
#        --redirect _Printf=_PrintfFullNoMb --redirect _Scanf=_ScanfFullNoMb -o
#        "G:\mini
#        LED屏幕项目\Firmware\MiniLedScreen\Debug\Exe\MiniLedScreen.out" --map
#        "G:\mini
#        LED屏幕项目\Firmware\MiniLedScreen\Debug\List\MiniLedScreen.map"
#        --config "D:\Program Files\IAR Systems\Embedded Workbench
#        7.3\stm8\config\lnkstm8l051f3.icf" --config_def _CSTACK_SIZE=0x100
#        --config_def _HEAP_SIZE=0x100 --entry __iar_program_start --debug_lib
#
###############################################################################

*******************************************************************************
*** RUNTIME MODEL ATTRIBUTES
***

__SystemLibrary            = DLib
__code_model               = small
__core                     = stm8
__data_model               = medium
__dlib_file_descriptor     = 0
__dlib_full_locale_support = 0
__rt_version               = 4


*******************************************************************************
*** PLACEMENT SUMMARY
***

"A1":  place at start of [0x000000-0x0000ff] { rw section .vregs };
"A2":  place at end of [0x000000-0x0003ff] { block CSTACK };
"P2":  place in [from 0x000000 to 0x0003ff] {
          block HEAP, rw section __DLIB_PERTHREAD, rw section .far.bss,
          rw section .far.data, rw section .far.noinit,
          rw section .far_func.textrw, rw section .huge.bss,
          rw section .huge.data, rw section .huge.noinit,
          rw section .huge_func.textrw, rw section .iar.dynexit,
          rw section .near.bss, rw section .near.data, rw section .near.noinit,
          rw section .near_func.textrw };
"A3":  place at start of [0x008000-0x009fff] { block INTVEC };
"P3":  place in [from 0x008000 to 0x009fff] {
          ro section __DLIB_PERTHREAD_init, ro section .far.data_init,
          ro section .far_func.textrw_init, ro section .huge.data_init,
          ro section .huge_func.textrw_init, ro section .iar.init_table,
          ro section .init_array, ro section .near.data_init,
          ro section .near.rodata, ro section .near_func.text,
          ro section .near_func.textrw_init, ro section .tiny.data_init,
          ro section .tiny.rodata_init };

  Section            Kind      Address   Size  Object
  -------            ----      -------   ----  ------
"A1":                                     0xc
  .vregs             uninit   0x000000    0xc  vregs.o [4]
                            - 0x00000c    0xc

"P2":                                     0x3
  P2-1                        0x00000c    0x3  <Init block>
    .near.data       inited   0x00000c    0x2  main.o [1]
    .near.bss        inited   0x00000e    0x1  main.o [1]
                            - 0x00000f    0x3

"A2":                                   0x100
  CSTACK                      0x000300  0x100  <Block>
    CSTACK           uninit   0x000300  0x100  <Block tail>
                            - 0x000400  0x100

"A3":                                    0x80
  INTVEC                      0x008000   0x80  <Block>
    .intvec          const    0x008000   0x80  interrupt.o [4]
                            - 0x008080   0x80

"P3":                                   0x7a2
  .near_func.text    ro code  0x008080  0x10d  stm8l15x_exti.o [1]
  .near_func.text    ro code  0x00818d   0xc6  main.o [1]
  .near_func.text    ro code  0x008253   0xaf  stm8l15x_gpio.o [1]
  .near_func.text    ro code  0x008302   0x89  stm8l15x_clk.o [1]
  .near_func.text    ro code  0x00838b   0x7e  vreg_util.o [4]
  .near_func.text    ro code  0x008409   0x7e  long.o [4]
  .near_func.text    ro code  0x008487   0x72  stm8l15x_clk.o [1]
  .near_func.text    ro code  0x0084f9   0x65  stm8l15x_tim3.o [1]
  .near_func.text    ro code  0x00855e   0x57  stm8l15x_tim3.o [1]
  .near_func.text    ro code  0x0085b5   0x3b  long_util.o [4]
  .near_func.text    ro code  0x0085f0   0x28  init_small.o [4]
  .near_func.text    ro code  0x008618   0x24  stm8l15x_tim3.o [1]
  .near_func.text    ro code  0x00863c   0x21  stm8l15x_exti.o [1]
  .near_func.text    ro code  0x00865d   0x21  stm8l15x_exti.o [1]
  .near_func.text    ro code  0x00867e   0x21  stm8l15x_it.o [1]
  .near_func.text    ro code  0x00869f   0x21  stm8l15x_tim4.o [1]
  .iar.init_table    const    0x0086c0    0xa  - Linker created -
  .near_func.text    ro code  0x0086ca   0x19  stm8l15x_flash.o [1]
  .near_func.text    ro code  0x0086e3   0x18  stm8l15x_it.o [1]
  .near_func.text    ro code  0x0086fb   0x17  init.o [4]
  .near_func.text    ro code  0x008712   0x14  __dbg_xxexit.o [3]
  .near_func.text    ro code  0x008726   0x13  stm8l15x_tim4.o [1]
  .near_func.text    ro code  0x008739   0x13  cstartup.o [4]
  .near_func.text    ro code  0x00874c   0x11  stm8l15x_tim4.o [1]
  .near_func.text    ro code  0x00875d   0x10  main.o [1]
  .near_func.text    ro code  0x00876d   0x10  stm8l15x_flash.o [1]
  .near_func.text    ro code  0x00877d    0xf  main.o [1]
  .near_func.text    ro code  0x00878c    0xd  stm8l15x_tim3.o [1]
  .near_func.text    ro code  0x008799    0xd  stm8l15x_tim3.o [1]
  .near_func.text    ro code  0x0087a6    0xd  stm8l15x_tim3.o [1]
  .near_func.text    ro code  0x0087b3    0xd  stm8l15x_tim4.o [1]
  .near_func.text    ro code  0x0087c0    0xd  stm8l15x_tim4.o [1]
  .near_func.text    ro code  0x0087cd    0x8  short.o [4]
  .near_func.text    ro code  0x0087d5    0x7  stm8l15x_flash.o [1]
  .near_func.text    ro code  0x0087dc    0x7  stm8l15x_gpio.o [1]
  .near.rodata       const    0x0087e3    0x5  stm8l15x_clk.o [1]
  .near_func.text    ro code  0x0087e8    0x5  stm8l15x_tim4.o [1]
  .near_func.text    ro code  0x0087ed    0x5  cexit.o [4]
  .near_func.text    ro code  0x0087f2    0x4  stm8l15x_flash.o [1]
  .near_func.text    ro code  0x0087f6    0x3  interrupt.o [4]
  .near_func.text    ro code  0x0087f9    0x3  low_level_init.o [4]
  .near_func.text    ro code  0x0087fc    0x3  exit.o [4]
  .near_func.text    ro code  0x0087ff    0x3  unhandled_exception.o [4]
  Initializer bytes  const    0x008802    0x3  <for P2-1>
  .near_func.text    ro code  0x008805    0x1  stm8l15x_it.o [1]
  .near_func.text    ro code  0x008806    0x1  stm8l15x_it.o [1]
  .near_func.text    ro code  0x008807    0x1  stm8l15x_it.o [1]
  .near_func.text    ro code  0x008808    0x1  stm8l15x_it.o [1]
  .near_func.text    ro code  0x008809    0x1  stm8l15x_it.o [1]
  .near_func.text    ro code  0x00880a    0x1  stm8l15x_it.o [1]
  .near_func.text    ro code  0x00880b    0x1  stm8l15x_it.o [1]
  .near_func.text    ro code  0x00880c    0x1  stm8l15x_it.o [1]
  .near_func.text    ro code  0x00880d    0x1  stm8l15x_it.o [1]
  .near_func.text    ro code  0x00880e    0x1  stm8l15x_it.o [1]
  .near_func.text    ro code  0x00880f    0x1  stm8l15x_it.o [1]
  .near_func.text    ro code  0x008810    0x1  stm8l15x_it.o [1]
  .near_func.text    ro code  0x008811    0x1  stm8l15x_it.o [1]
  .near_func.text    ro code  0x008812    0x1  stm8l15x_it.o [1]
  .near_func.text    ro code  0x008813    0x1  stm8l15x_it.o [1]
  .near_func.text    ro code  0x008814    0x1  stm8l15x_it.o [1]
  .near_func.text    ro code  0x008815    0x1  stm8l15x_it.o [1]
  .near_func.text    ro code  0x008816    0x1  stm8l15x_it.o [1]
  .near_func.text    ro code  0x008817    0x1  stm8l15x_it.o [1]
  .near_func.text    ro code  0x008818    0x1  stm8l15x_it.o [1]
  .near_func.text    ro code  0x008819    0x1  stm8l15x_it.o [1]
  .near_func.text    ro code  0x00881a    0x1  stm8l15x_it.o [1]
  .near_func.text    ro code  0x00881b    0x1  stm8l15x_it.o [1]
  .near_func.text    ro code  0x00881c    0x1  stm8l15x_it.o [1]
  .near_func.text    ro code  0x00881d    0x1  stm8l15x_it.o [1]
  .near_func.text    ro code  0x00881e    0x1  stm8l15x_it.o [1]
  .near_func.text    ro code  0x00881f    0x1  stm8l15x_it.o [1]
  .near_func.text    ro code  0x008820    0x1  stm8l15x_it.o [1]
  .near_func.text    ro code  0x008821    0x1  __dbg_break.o [3]
                            - 0x008822  0x7a2


*******************************************************************************
*** INIT TABLE
***

          Address   Size
          -------   ----
Copy (__iar_copy_init2)
    1 source range, total size 0x3:
          0x008802   0x3
    1 destination range, total size 0x3:
          0x00000c   0x3



*******************************************************************************
*** MODULE SUMMARY
***

    Module                 ro code  ro data  rw data
    ------                 -------  -------  -------
G:\mini LED屏幕项目\Firmware\MiniLedScreen\Debug\Obj: [1]
    main.o                     229        3        3
    stm8l15x_clk.o             251        5
    stm8l15x_exti.o            335
    stm8l15x_flash.o            52
    stm8l15x_gpio.o            182
    stm8l15x_it.o               85
    stm8l15x_tim3.o            263
    stm8l15x_tim4.o            100
    ------------------------------------------------
    Total:                   1 497        8        3

command line: [2]
    ------------------------------------------------
    Total:

dbgstm8smd.a: [3]
    __dbg_break.o                1
    __dbg_xxexit.o              20
    ------------------------------------------------
    Total:                      21

dlstm8smn.a: [4]
    cexit.o                      5
    cstartup.o                  19
    exit.o                       3
    init.o                      23
    init_small.o                40
    interrupt.o                  3      128
    long.o                     126
    long_util.o                 59
    low_level_init.o             3
    short.o                      8
    unhandled_exception.o        3
    vreg_util.o                126
    vregs.o                                       12
    ------------------------------------------------
    Total:                     418      128       12

    Linker created                       10      256
----------------------------------------------------
    Grand Total:             1 936      146      271


*******************************************************************************
*** ENTRY LIST
***

Entry                    Address   Size  Type      Object
-----                    -------   ----  ----      ------
.iar.init_table$$Base   0x0086c0          --   Gb  - Linker created -
.iar.init_table$$Limit  0x0086ca          --   Gb  - Linker created -
?b0                     0x000000         Data  Gb  vregs.o [4]
?b1                     0x000001         Data  Gb  vregs.o [4]
?b10                    0x00000a         Data  Gb  vregs.o [4]
?b11                    0x00000b         Data  Gb  vregs.o [4]
?b2                     0x000002         Data  Gb  vregs.o [4]
?b3                     0x000003         Data  Gb  vregs.o [4]
?b4                     0x000004         Data  Gb  vregs.o [4]
?b5                     0x000005         Data  Gb  vregs.o [4]
?b6                     0x000006         Data  Gb  vregs.o [4]
?b7                     0x000007         Data  Gb  vregs.o [4]
?b8                     0x000008         Data  Gb  vregs.o [4]
?b9                     0x000009         Data  Gb  vregs.o [4]
?e0                     0x000001         Data  Gb  vregs.o [4]
?e1                     0x000005         Data  Gb  vregs.o [4]
?e2                     0x000009         Data  Gb  vregs.o [4]
?epilogue_l2            0x0083f8         Code  Gb  vreg_util.o [4]
?l0                     0x000000         Data  Gb  vregs.o [4]
?l1                     0x000004         Data  Gb  vregs.o [4]
?l2                     0x000008         Data  Gb  vregs.o [4]
?load32_0x_l0           0x0085e2         Code  Gb  long_util.o [4]
?load32_asp_l0          0x0085d6         Code  Gb  long_util.o [4]
?load32_dbsp_l0         0x0085d1         Code  Gb  long_util.o [4]
?load32_l0_0x           0x0085c5         Code  Gb  long_util.o [4]
?load32_l0_asp          0x0085ba         Code  Gb  long_util.o [4]
?load32_l0_dbsp         0x0085b5         Code  Gb  long_util.o [4]
?load32_l0_xsp          0x0085bc         Code  Gb  long_util.o [4]
?load32_xsp_l0          0x0085d8         Code  Gb  long_util.o [4]
?mov_e0_e2              0x0083ff         Code  Gb  vreg_util.o [4]
?mov_l0_l2              0x0083fc         Code  Gb  vreg_util.o [4]
?mov_w1_w5              0x008402         Code  Gb  vreg_util.o [4]
?pop_l0                 0x0083cf         Code  Gb  vreg_util.o [4]
?pop_l1                 0x0083da         Code  Gb  vreg_util.o [4]
?pop_l2                 0x0083e5         Code  Gb  vreg_util.o [4]
?push_l0                0x0083a3         Code  Gb  vreg_util.o [4]
?push_l1                0x0083a8         Code  Gb  vreg_util.o [4]
?push_l2                0x0083ad         Code  Gb  vreg_util.o [4]
?push_w4                0x00838b         Code  Gb  vreg_util.o [4]
?sll16_x_x_a            0x0087cd         Code  Gb  short.o [4]
?srl32_0x_0x_a          0x008479         Code  Gb  long.o [4]
?srl32_l0_l0_a          0x008476         Code  Gb  long.o [4]
?udiv32_l0_l0_l1        0x008409         Code  Gb  long.o [4]
?umod32_l1_l0_l1        0x008409         Code  Gb  long.o [4]
?w0                     0x000000         Data  Gb  vregs.o [4]
?w1                     0x000002         Data  Gb  vregs.o [4]
?w2                     0x000004         Data  Gb  vregs.o [4]
?w3                     0x000006         Data  Gb  vregs.o [4]
?w4                     0x000008         Data  Gb  vregs.o [4]
?w5                     0x00000a         Data  Gb  vregs.o [4]
ADC1_COMP_IRQHandler    0x008816    0x1  Code  Gb  stm8l15x_it.o [1]
BoardInit               0x00818d   0xc6  Code  Gb  main.o [1]
CLK_GetClockFreq        0x008487   0x72  Code  Gb  stm8l15x_clk.o [1]
CLK_PeripheralClockConfig
                        0x008302   0x89  Code  Gb  stm8l15x_clk.o [1]
CSTACK$$Base            0x000300          --   Gb  - Linker created -
CSTACK$$Limit           0x000400          --   Gb  - Linker created -
DMA1_CHANNEL0_1_IRQHandler
                        0x008807    0x1  Code  Gb  stm8l15x_it.o [1]
DMA1_CHANNEL2_3_IRQHandler
                        0x008808    0x1  Code  Gb  stm8l15x_it.o [1]
Delay                   0x00875d   0x10  Code  Gb  main.o [1]
EXTI0_IRQHandler        0x00880d    0x1  Code  Gb  stm8l15x_it.o [1]
EXTI1_IRQHandler        0x00867e   0x21  Code  Gb  stm8l15x_it.o [1]
EXTI2_IRQHandler        0x00880e    0x1  Code  Gb  stm8l15x_it.o [1]
EXTI3_IRQHandler        0x00880f    0x1  Code  Gb  stm8l15x_it.o [1]
EXTI4_IRQHandler        0x008810    0x1  Code  Gb  stm8l15x_it.o [1]
EXTI5_IRQHandler        0x008811    0x1  Code  Gb  stm8l15x_it.o [1]
EXTI6_IRQHandler        0x008812    0x1  Code  Gb  stm8l15x_it.o [1]
EXTI7_IRQHandler        0x008813    0x1  Code  Gb  stm8l15x_it.o [1]
EXTIB_G_IRQHandler      0x00880b    0x1  Code  Gb  stm8l15x_it.o [1]
EXTID_H_IRQHandler      0x00880c    0x1  Code  Gb  stm8l15x_it.o [1]
EXTIE_F_PVD_IRQHandler  0x00880a    0x1  Code  Gb  stm8l15x_it.o [1]
EXTI_ClearITPendingBit  0x00865d   0x21  Code  Gb  stm8l15x_exti.o [1]
EXTI_DeInit             0x00863c   0x21  Code  Gb  stm8l15x_exti.o [1]
EXTI_SetPinSensitivity  0x008080  0x10d  Code  Gb  stm8l15x_exti.o [1]
Ev1527RecvOkFlag        0x00000e    0x1  Data  Gb  main.o [1]
FLASH_DeInit            0x00876d   0x10  Code  Gb  stm8l15x_flash.o [1]
FLASH_IRQHandler        0x008806    0x1  Code  Gb  stm8l15x_it.o [1]
FLASH_Lock              0x0087d5    0x7  Code  Gb  stm8l15x_flash.o [1]
FLASH_ReadByte          0x0087f2    0x4  Code  Gb  stm8l15x_flash.o [1]
FLASH_Unlock            0x0086ca   0x19  Code  Gb  stm8l15x_flash.o [1]
GPIO_Init               0x008253   0xaf  Code  Gb  stm8l15x_gpio.o [1]
GPIO_ToggleBits         0x0087dc    0x7  Code  Gb  stm8l15x_gpio.o [1]
I2C1_SPI2_IRQHandler    0x008820    0x1  Code  Gb  stm8l15x_it.o [1]
INTVEC$$Base            0x008000          --   Gb  - Linker created -
INTVEC$$Limit           0x008080          --   Gb  - Linker created -
LCD_AES_IRQHandler      0x008814    0x1  Code  Gb  stm8l15x_it.o [1]
Pwm                     0x00000c    0x2  Data  Gb  main.o [1]
RTC_CSSLSE_IRQHandler   0x008809    0x1  Code  Gb  stm8l15x_it.o [1]
Region$$Table$$Base     0x0086c0          --   Gb  - Linker created -
Region$$Table$$Limit    0x0086ca          --   Gb  - Linker created -
SPI1_IRQHandler         0x00881d    0x1  Code  Gb  stm8l15x_it.o [1]
SWITCH_CSS_BREAK_DAC_IRQHandler
                        0x008815    0x1  Code  Gb  stm8l15x_it.o [1]
SYSDivFactor            0x0087e3    0x5  Data  Gb  stm8l15x_clk.o [1]
TIM1_CC_IRQHandler      0x00881c    0x1  Code  Gb  stm8l15x_it.o [1]
TIM1_UPD_OVF_TRG_COM_IRQHandler
                        0x00881b    0x1  Code  Gb  stm8l15x_it.o [1]
TIM2_CC_USART2_RX_IRQHandler
                        0x008818    0x1  Code  Gb  stm8l15x_it.o [1]
TIM2_UPD_OVF_TRG_BRK_USART2_TX_IRQHandler
                        0x008817    0x1  Code  Gb  stm8l15x_it.o [1]
TIM3_ARRPreloadConfig   0x00878c    0xd  Code  Gb  stm8l15x_tim3.o [1]
TIM3_CC_USART3_RX_IRQHandler
                        0x00881a    0x1  Code  Gb  stm8l15x_it.o [1]
TIM3_Cmd                0x008799    0xd  Code  Gb  stm8l15x_tim3.o [1]
TIM3_CtrlPWMOutputs     0x0087a6    0xd  Code  Gb  stm8l15x_tim3.o [1]
TIM3_DeInit             0x0084f9   0x65  Code  Gb  stm8l15x_tim3.o [1]
TIM3_OC2Init            0x00855e   0x57  Code  Gb  stm8l15x_tim3.o [1]
TIM3_TimeBaseInit       0x008618   0x24  Code  Gb  stm8l15x_tim3.o [1]
TIM3_UPD_OVF_TRG_BRK_USART3_TX_IRQHandler
                        0x008819    0x1  Code  Gb  stm8l15x_it.o [1]
TIM4_ARRPreloadConfig   0x0087b3    0xd  Code  Gb  stm8l15x_tim4.o [1]
TIM4_ClearFlag          0x0087e8    0x5  Code  Gb  stm8l15x_tim4.o [1]
TIM4_Cmd                0x0087c0    0xd  Code  Gb  stm8l15x_tim4.o [1]
TIM4_DeInit             0x00869f   0x21  Code  Gb  stm8l15x_tim4.o [1]
TIM4_ITConfig           0x008726   0x13  Code  Gb  stm8l15x_tim4.o [1]
TIM4_TimeBaseInit       0x00874c   0x11  Code  Gb  stm8l15x_tim4.o [1]
TIM4_UPD_OVF_TRG_IRQHandler
                        0x0086e3   0x18  Code  Gb  stm8l15x_it.o [1]
TRAP_IRQHandler         0x008805    0x1  Code  Gb  stm8l15x_it.o [1]
USART1_RX_TIM5_CC_IRQHandler
                        0x00881f    0x1  Code  Gb  stm8l15x_it.o [1]
USART1_TX_TIM5_UPD_OVF_TRG_BRK_IRQHandler
                        0x00881e    0x1  Code  Gb  stm8l15x_it.o [1]
__DebugBreak            0x008821    0x1  Code  Gb  __dbg_break.o [3]
__exit                  0x008712   0x14  Code  Gb  __dbg_xxexit.o [3]
__iar_copy_init2        0x0085f0         Code  Gb  init_small.o [4]
__iar_data_init2        0x0086fb   0x17  Code  Gb  init.o [4]
__iar_program_start     0x008739         Code  Gb  cstartup.o [4]
__iar_unhandled_exception
                        0x0087ff         Code  Gb  unhandled_exception.o [4]
__intvec                0x008000         Data  Gb  interrupt.o [4]
__low_level_init        0x0087f9    0x3  Code  Gb  low_level_init.o [4]
_exit                   0x0087ed         Code  Gb  cexit.o [4]
_interrupt_1            0x008805         Code  Gb  stm8l15x_it.o [1]
_interrupt_10           0x00880d         Code  Gb  stm8l15x_it.o [1]
_interrupt_11           0x00867e         Code  Gb  stm8l15x_it.o [1]
_interrupt_12           0x00880e         Code  Gb  stm8l15x_it.o [1]
_interrupt_13           0x00880f         Code  Gb  stm8l15x_it.o [1]
_interrupt_14           0x008810         Code  Gb  stm8l15x_it.o [1]
_interrupt_15           0x008811         Code  Gb  stm8l15x_it.o [1]
_interrupt_16           0x008812         Code  Gb  stm8l15x_it.o [1]
_interrupt_17           0x008813         Code  Gb  stm8l15x_it.o [1]
_interrupt_18           0x008814         Code  Gb  stm8l15x_it.o [1]
_interrupt_19           0x008815         Code  Gb  stm8l15x_it.o [1]
_interrupt_20           0x008816         Code  Gb  stm8l15x_it.o [1]
_interrupt_21           0x008817         Code  Gb  stm8l15x_it.o [1]
_interrupt_22           0x008818         Code  Gb  stm8l15x_it.o [1]
_interrupt_23           0x008819         Code  Gb  stm8l15x_it.o [1]
_interrupt_24           0x00881a         Code  Gb  stm8l15x_it.o [1]
_interrupt_25           0x00881b         Code  Gb  stm8l15x_it.o [1]
_interrupt_26           0x00881c         Code  Gb  stm8l15x_it.o [1]
_interrupt_27           0x0086e3         Code  Gb  stm8l15x_it.o [1]
_interrupt_28           0x00881d         Code  Gb  stm8l15x_it.o [1]
_interrupt_29           0x00881e         Code  Gb  stm8l15x_it.o [1]
_interrupt_3            0x008806         Code  Gb  stm8l15x_it.o [1]
_interrupt_30           0x00881f         Code  Gb  stm8l15x_it.o [1]
_interrupt_31           0x008820         Code  Gb  stm8l15x_it.o [1]
_interrupt_4            0x008807         Code  Gb  stm8l15x_it.o [1]
_interrupt_5            0x008808         Code  Gb  stm8l15x_it.o [1]
_interrupt_6            0x008809         Code  Gb  stm8l15x_it.o [1]
_interrupt_7            0x00880a         Code  Gb  stm8l15x_it.o [1]
_interrupt_8            0x00880b         Code  Gb  stm8l15x_it.o [1]
_interrupt_9            0x00880c         Code  Gb  stm8l15x_it.o [1]
exit                    0x0087fc    0x3  Code  Gb  exit.o [4]
main                    0x00877d    0xf  Code  Gb  main.o [1]


[1] = G:\mini LED屏幕项目\Firmware\MiniLedScreen\Debug\Obj
[2] = command line
[3] = dbgstm8smd.a
[4] = dlstm8smn.a

  1 936 bytes of readonly  code memory
    146 bytes of readonly  data memory
    271 bytes of readwrite data memory

Errors: none
Warnings: none
